// Vitest Snapshot v1

exports[`ensureGetCallTrace.ts > ensureGetCallTrace.ts 1`] = `
" <A>(value: A) => T.succeed(value)
5:28 - 5:62 | This function should be traced. getCallTrace() should be the first line of the body.

 <A, B>(f: (value: A) => B) => T.map(f)
7:24 - 7:63 | This function should be traced. getCallTrace() should be the first line of the body.

 <A, B>(f: (value: A) => T.Effect<never, never, B>) => T.flatMap(f)
9:21 - 9:88 | This function should be traced. getCallTrace() should be the first line of the body."
`;

exports[`noSyncWithConstant.ts > noSyncWithConstant.ts 1`] = `
" T.sync(() => 42)
3:10 - 3:27 | Value is constant, instead of using sync you could use succeed.

 T.sync(() => true)
4:10 - 4:29 | Value is constant, instead of using sync you could use succeed.

 T.failSync(() => 42)
13:10 - 13:31 | Value is constant, instead of using failSync you could use fail.

 T.dieSync(() => 42)
16:10 - 16:30 | Value is constant, instead of using dieSync you could use die."
`;
